{
  "version": "1.5.0",
  "plugins_used": [
    {
      "name": "ArtifactoryDetector"
    },
    {
      "name": "AWSKeyDetector"
    },
    {
      "name": "AzureStorageKeyDetector"
    },
    {
      "name": "Base64HighEntropyString",
      "limit": 4.5
    },
    {
      "name": "BasicAuthDetector"
    },
    {
      "name": "CloudantDetector"
    },
    {
      "name": "DiscordBotTokenDetector"
    },
    {
      "name": "GitHubTokenDetector"
    },
    {
      "name": "GitLabTokenDetector"
    },
    {
      "name": "HexHighEntropyString",
      "limit": 3.0
    },
    {
      "name": "IbmCloudIamDetector"
    },
    {
      "name": "IbmCosHmacDetector"
    },
    {
      "name": "IPPublicDetector"
    },
    {
      "name": "JwtTokenDetector"
    },
    {
      "name": "KeywordDetector",
      "keyword_exclude": ""
    },
    {
      "name": "MailchimpDetector"
    },
    {
      "name": "NpmDetector"
    },
    {
      "name": "OpenAIDetector"
    },
    {
      "name": "PrivateKeyDetector"
    },
    {
      "name": "PypiTokenDetector"
    },
    {
      "name": "SendGridDetector"
    },
    {
      "name": "SlackDetector"
    },
    {
      "name": "SoftlayerDetector"
    },
    {
      "name": "SquareOAuthDetector"
    },
    {
      "name": "StripeDetector"
    },
    {
      "name": "TelegramBotTokenDetector"
    },
    {
      "name": "TwilioKeyDetector"
    }
  ],
  "filters_used": [
    {
      "path": "detect_secrets.filters.allowlist.is_line_allowlisted"
    },
    {
      "path": "detect_secrets.filters.common.is_ignored_due_to_verification_policies",
      "min_level": 2
    },
    {
      "path": "detect_secrets.filters.heuristic.is_indirect_reference"
    },
    {
      "path": "detect_secrets.filters.heuristic.is_likely_id_string"
    },
    {
      "path": "detect_secrets.filters.heuristic.is_lock_file"
    },
    {
      "path": "detect_secrets.filters.heuristic.is_not_alphanumeric_string"
    },
    {
      "path": "detect_secrets.filters.heuristic.is_potential_uuid"
    },
    {
      "path": "detect_secrets.filters.heuristic.is_prefixed_with_dollar_sign"
    },
    {
      "path": "detect_secrets.filters.heuristic.is_sequential_string"
    },
    {
      "path": "detect_secrets.filters.heuristic.is_swagger_file"
    },
    {
      "path": "detect_secrets.filters.heuristic.is_templated_secret"
    },
    {
      "path": "detect_secrets.filters.regex.should_exclude_file",
      "pattern": [
        "^\\.venv/|^data/|^\\.git/|uv\\.lock|^mlruns/|^mlartifacts/"
      ]
    }
  ],
  "results": {
    ".github/workflows/ci.yml": [
      {
        "type": "Basic Auth Credentials",
        "filename": ".github/workflows/ci.yml",
        "hashed_secret": "a94a8fe5ccb19ba61c4c0873d391e987982fbbd3",
        "is_verified": false,
        "line_number": 14
      }
    ],
    "docker-compose.yaml": [
      {
        "type": "Basic Auth Credentials",
        "filename": "docker-compose.yaml",
        "hashed_secret": "a94a8fe5ccb19ba61c4c0873d391e987982fbbd3",
        "is_verified": false,
        "line_number": 101
      }
    ],
    "src/api/security.py": [
      {
        "type": "Secret Keyword",
        "filename": "src/api/security.py",
        "hashed_secret": "27b924db06a28cc755fb07c54f0fddc30659fe4d",
        "is_verified": false,
        "line_number": 36
      }
    ],
    "src/schemas/healthcard.py": [
      {
        "type": "Hex High Entropy String",
        "filename": "src/schemas/healthcard.py",
        "hashed_secret": "f95a9f7e4a20f6e14fcd4c17b4f8a6f349ba3a63",
        "is_verified": false,
        "line_number": 161
      }
    ],
    "src/templates/base.html": [
      {
        "type": "Base64 High Entropy String",
        "filename": "src/templates/base.html",
        "hashed_secret": "d839ede7403a49735f575d3b017e008426110826",
        "is_verified": false,
        "line_number": 12
      },
      {
        "type": "Base64 High Entropy String",
        "filename": "src/templates/base.html",
        "hashed_secret": "dec411c65a1e4821677cc5ef6cc7e3330fdc44ba",
        "is_verified": false,
        "line_number": 64
      },
      {
        "type": "Base64 High Entropy String",
        "filename": "src/templates/base.html",
        "hashed_secret": "e7ad5cb7ffe49459b1ef2fa68d9585d2e6dc6943",
        "is_verified": false,
        "line_number": 67
      }
    ],
    "tests/conftest.py": [
      {
        "type": "Basic Auth Credentials",
        "filename": "tests/conftest.py",
        "hashed_secret": "a94a8fe5ccb19ba61c4c0873d391e987982fbbd3",
        "is_verified": false,
        "line_number": 21
      }
    ],
    "tests/unit/api/test_security.py": [
      {
        "type": "Secret Keyword",
        "filename": "tests/unit/api/test_security.py",
        "hashed_secret": "e5e9fa1ba31ecd1ae84f75caaa474f3a663f05f4",
        "is_verified": false,
        "line_number": 58
      }
    ],
    "tests/unit/utils/test_config.py": [
      {
        "type": "Basic Auth Credentials",
        "filename": "tests/unit/utils/test_config.py",
        "hashed_secret": "1a91d62f7ca67399625a4368a6ab5d4a3baa6073",
        "is_verified": false,
        "line_number": 137
      }
    ],
    "tests/unit/utils/test_pii.py": [
      {
        "type": "Hex High Entropy String",
        "filename": "tests/unit/utils/test_pii.py",
        "hashed_secret": "c3976ca01afb9b639d16a87555bdcf78e79bbf94",
        "is_verified": false,
        "line_number": 14
      },
      {
        "type": "Secret Keyword",
        "filename": "tests/unit/utils/test_pii.py",
        "hashed_secret": "5901726580d052d3ffc033e40a49e9aae598cf55",
        "is_verified": false,
        "line_number": 40
      }
    ]
  },
  "generated_at": "2026-09-01T07:30:18Z"
}
